// Vitest Snapshot v1

exports[`generateImportModal > generates component correctly 1`] = `
<div
  class="_container_0360d7"
>
  <div
    class="_content_0360d7"
  >
    <div
      class="_header_0360d7"
    >
      <h2
        class="_headerText_0360d7"
      >
        Import
      </h2>
      <button
        class="_button_7c1f96 _closeButton_0360d7"
        data-test="modalCloseButton"
      >
        <img
          class="_icon_7c1f96"
          src="/src/assets/close-icon.svg"
        />
      </button>
    </div>
    <div
      class="_importModalContainer_e2444d"
    >
      <textarea
        class="_importTextarea_e2444d"
        data-test="modalTextarea"
        placeholder="Neue Einträge zeilenweise einfügen..."
      />
      <div
        class="_importButtonWrapper_e2444d"
      >
        <button
          class="_importButton_e2444d"
          data-test="modalImportButton"
        >
          Importieren
        </button>
      </div>
    </div>
  </div>
</div>
`;
