// Vitest Snapshot v1

exports[`generateButton > generates a button component 1`] = `
<button
  class="class class2"
>
  Text
</button>
`;
