// Vitest Snapshot v1

exports[`generateSpinnerButton > generates component correctly 1`] = `
<button
  class="button"
  data-test="spinnerButton"
>
  <img
    class="icon"
    src="/src/assets/rotate-icon.svg"
  />
</button>
`;
