// Vitest Snapshot v1

exports[`generateSpinnerTick > generates component correctly 1`] = `
<div
  class="tickShadow"
>
  <div
    class="tick"
  />
</div>
`;
