// Vitest Snapshot v1

exports[`generateSidebarFooter > generates component correctly 1`] = `
<div
  class="container"
>
  <button
    class="footerButton"
  >
    Import
  </button>
  <button
    class="footerButton"
  >
    Archiv
  </button>
</div>
`;
