// Vitest Snapshot v1

exports[`generateListComponent > generates component correctly 1`] = `
<ul
  class="_listContainer_d42e02"
>
  <li
    class="_container_1761de"
  >
    <span
      class="_label_1761de"
      data-test="listEntryLabel"
    >
      Test
    </span>
    <div
      class="_buttonWrapper_1761de"
    >
      <button
        class="_button_7c1f96 _button_1761de"
        data-test="listEntryDeleteButton"
      >
        <img
          class="_icon_7c1f96"
          src="/src/assets/delete-icon.svg"
        />
      </button>
    </div>
  </li>
  <li
    class="_container_1761de"
  >
    <span
      class="_label_1761de"
      data-test="listEntryLabel"
    >
      Test2
    </span>
    <div
      class="_buttonWrapper_1761de"
    >
      <button
        class="_button_7c1f96 _button_1761de"
        data-test="listEntryDeleteButton"
      >
        <img
          class="_icon_7c1f96"
          src="/src/assets/delete-icon.svg"
        />
      </button>
    </div>
  </li>
</ul>
`;
