// Vitest Snapshot v1

exports[`generateButton > generates component correctly 1`] = `
<input
  class="class class2 _input_6ed02a"
  placeholder="Placeholder"
  type="text"
/>
`;
