// Jest Snapshot v1, https://goo.gl/fbAQLP

exports[`generateSpinner generates component correctly 1`] = `
<div
  class="spinner"
  style="transition: 2s;"
>
  <div
    class="segment"
    style="transform: rotate(0deg); clip-path: polygon(
      calc(50% + 5px) 0%,
      100% 0%,
      100% 100%,
      calc(50% + 5px) 100%
    ); background-color: rgb(0, 190, 255);"
  >
    <span
      class="label"
      style="width: calc(50% - 1.5rem - 48px);"
      title="Test"
    >
      Test
    </span>
  </div>
  <div
    class="segment"
    style="transform: rotate(180deg); clip-path: polygon(
      calc(50% + 5px) 0%,
      100% 0%,
      100% 100%,
      calc(50% + 5px) 100%
    ); background-color: rgb(255, 19, 20);"
  >
    <span
      class="label"
      style="width: calc(50% - 1.5rem - 48px);"
      title="Test2"
    >
      Test2
    </span>
  </div>
</div>
`;
